[index-2.html]
[wp-content/themes/dumpster/fonts/roboto/Roboto-Black.eot]
[wp-includes/css/dist/block-library/style.min6a4d.css]
[wp-includes/css/classic-themes.min68b3.css]
[comments/feed/index.html]
[feed/index.html]
[wp-content/cache/min/1/wp-content/themes/dumpster/css/normalize2829.css]
[wp-content/cache/min/1/wp-content/themes/dumpster/css/font3962.css]
[wp-content/themes/dumpster/css/owl.theme.default.mindbe6.css]
[wp-content/cache/min/1/wp-content/themes/dumpster/fonts/fontawesome-pro-5.11.2-web/css/all.min3962.css]
[wp-content/themes/dumpster/css/owl.carousel.mindbe6.css]
[wp-content/themes/dumpster/css/select2.mindbe6.css]
[wp-content/cache/min/1/wp-content/themes/dumpster/css/styles3962.css]
[wp-content/cache/min/1/wp-content/themes/dumpster/css/responsive3962.css]
[wp-content/cache/min/1/wp-content/themes/dumpster/style3962.css]
[wp-content/cache/min/1/wp-content/cache/busting/1/sccss3962.css]
[wp-includes/js/jquery/jquery.mina7a0.js]
[wp-includes/js/jquery/jquery-migrate.mind617.js]
[wp-json/wp/v2/pages/6.json]
[xmlrpc0db0.php]
[wp-json/index.html]
[wp-includes/wlwmanifest.xml]
[wp-json/oembed/1.0/embedbc37.json]
[wp-json/oembed/1.0/embed2530]
[wp-content/uploads/2019/11/cropped-dumpster-photo-and-video-restore-logo-1-32x32.png]
[wp-content/uploads/2019/11/cropped-dumpster-photo-and-video-restore-logo-1-192x192.png]
[wp-content/uploads/2019/11/cropped-dumpster-photo-and-video-restore-logo-1-180x180.png]
[wp-content/themes/dumpster/fonts/fontawesome-pro-5.11.2-web/webfonts/fa-brands-400.woff2]
[wp-content/themes/dumpster/fonts/fontawesome-pro-5.11.2-web/webfonts/fa-solid-900.woff2]
[wp-content/themes/dumpster/img/logo.png]
[faq/index.html]
[wp-content/uploads/2020/12/google-play-badge.png]
[wp-content/uploads/2020/12/ag-badge-black.png]
[category/all/index.html]
[wp-content/themes/dumpster/img/google-mob.svg]
[wp-content/uploads/2019/11/img-2.png]
[wp-content/uploads/2021/07/img-1-496x1024c.jpg]
[wp-content/uploads/2019/11/img-3.png]
[wp-content/uploads/2021/06/img-4-1024x419-1.jpg]
[wp-content/uploads/2019/11/img-5.png]
[wp-content/themes/dumpster/img/star.svg]
[wp-content/uploads/2019/11/img-6.png]
[wp-content/uploads/2019/11/img-7.png]
[wp-content/uploads/2019/11/img-8.png]
[wp-content/uploads/2019/11/img-9.png]
[wp-content/themes/dumpster/img/btn-no-board.png]
[wp-content/uploads/2020/09/footer-logo-cover.png]
[wp-content/uploads/2020/09/footer-logo-dumpster.png]
[wp-content/uploads/2020/09/footer-logo-X-cleaner.png]
[wp-content/themes/dumpster/js/jquery.slicknav.mindbe6.js]
[faq/terms-and-conditions/index.html]
[wp-content/themes/dumpster/js/jquery.ddslick.mindbe6.js]
[wp-content/cache/min/1/wp-content/themes/dumpster/js/owl.carousel3962.js]
[wp-content/cache/min/1/wp-content/themes/dumpster/js/jquery.sticky3962.js]
[wp-content/themes/dumpster/js/select2.full.mindbe6.js]
[wp-content/cache/min/1/wp-content/themes/dumpster/js/script3962.js]
[index-2.html]
[wp-includes/css/dist/block-library/style.min6a4d.css]
[wp-includes/css/classic-themes.min68b3.css]
[wp-content/cache/min/1/wp-content/themes/dumpster/css/normalize2829.css]
[wp-content/themes/dumpster/fonts/roboto/Roboto-Blackd41d.eot]
[wp-content/themes/dumpster/fonts/roboto/Roboto-Black.woff]
[wp-content/themes/dumpster/fonts/roboto/Roboto-Black.ttf]
[wp-content/themes/dumpster/fonts/roboto/Roboto-Bold.eot]
[wp-content/themes/dumpster/fonts/roboto/Roboto-Boldd41d.eot]
[wp-content/themes/dumpster/fonts/roboto/Roboto-Bold.woff]
[wp-content/themes/dumpster/fonts/roboto/Roboto-Bold.ttf]
[wp-content/themes/dumpster/fonts/roboto/Roboto-Medium.eot]
[wp-content/themes/dumpster/fonts/roboto/Roboto-Mediumd41d.eot]
[wp-content/themes/dumpster/fonts/roboto/Roboto-Medium.woff]
[wp-content/themes/dumpster/fonts/roboto/Roboto-Medium.ttf]
[wp-content/themes/dumpster/fonts/roboto/Roboto-Regular.eot]
[wp-content/themes/dumpster/fonts/roboto/Roboto-Regulard41d.eot]
[wp-content/themes/dumpster/fonts/roboto/Roboto-Regular.woff]
[wp-content/themes/dumpster/fonts/roboto/Roboto-Regular.ttf]
[wp-content/themes/dumpster/fonts/times-roman/OPTITimes-Roman.eot]
[wp-content/themes/dumpster/fonts/times-roman/OPTITimes-Romand41d.eot]
[wp-content/themes/dumpster/fonts/times-roman/OPTITimes-Roman.woff]
[wp-content/themes/dumpster/fonts/times-roman/OPTITimes-Roman.ttf]
[wp-content/cache/min/1/wp-content/themes/dumpster/css/font3962.css]
[wp-content/themes/dumpster/fonts/fontawesome-pro-5.11.2-web/webfonts/fa-brands-400.eot]
[wp-content/themes/dumpster/fonts/fontawesome-pro-5.11.2-web/webfonts/fa-brands-400d41d.eot]
[wp-content/themes/dumpster/fonts/fontawesome-pro-5.11.2-web/webfonts/fa-brands-400.woff]
[wp-content/themes/dumpster/fonts/fontawesome-pro-5.11.2-web/webfonts/fa-brands-400.ttf]
[wp-content/themes/dumpster/fonts/fontawesome-pro-5.11.2-web/webfonts/fa-brands-400.svg]
[wp-content/themes/dumpster/fonts/fontawesome-pro-5.11.2-web/webfonts/fa-duotone-900d41d.eot]
[wp-content/themes/dumpster/fonts/fontawesome-pro-5.11.2-web/webfonts/fa-duotone-900.eot]
[wp-content/themes/dumpster/fonts/fontawesome-pro-5.11.2-web/webfonts/fa-duotone-900.woff2]
[wp-content/themes/dumpster/fonts/fontawesome-pro-5.11.2-web/webfonts/fa-duotone-900.woff]
[wp-content/themes/dumpster/fonts/fontawesome-pro-5.11.2-web/webfonts/fa-duotone-900.ttf]
[wp-content/themes/dumpster/fonts/fontawesome-pro-5.11.2-web/webfonts/fa-duotone-900.svg]
[wp-content/themes/dumpster/fonts/fontawesome-pro-5.11.2-web/webfonts/fa-light-300.eot]
[wp-content/themes/dumpster/fonts/fontawesome-pro-5.11.2-web/webfonts/fa-light-300.woff2]
[wp-content/themes/dumpster/fonts/fontawesome-pro-5.11.2-web/webfonts/fa-light-300d41d.eot]
[wp-content/themes/dumpster/fonts/fontawesome-pro-5.11.2-web/webfonts/fa-light-300.woff]
[wp-content/themes/dumpster/fonts/fontawesome-pro-5.11.2-web/webfonts/fa-light-300.ttf]
[wp-content/themes/dumpster/fonts/fontawesome-pro-5.11.2-web/webfonts/fa-light-300.svg]
[wp-content/themes/dumpster/fonts/fontawesome-pro-5.11.2-web/webfonts/fa-regular-400.eot]
[wp-content/themes/dumpster/fonts/fontawesome-pro-5.11.2-web/webfonts/fa-regular-400d41d.eot]
[wp-content/themes/dumpster/fonts/fontawesome-pro-5.11.2-web/webfonts/fa-regular-400.woff2]
[wp-content/themes/dumpster/fonts/fontawesome-pro-5.11.2-web/webfonts/fa-regular-400.woff]
[wp-content/themes/dumpster/fonts/fontawesome-pro-5.11.2-web/webfonts/fa-regular-400.ttf]
[wp-content/themes/dumpster/fonts/fontawesome-pro-5.11.2-web/webfonts/fa-regular-400.svg]
[wp-content/themes/dumpster/fonts/fontawesome-pro-5.11.2-web/webfonts/fa-solid-900.eot]
[wp-content/themes/dumpster/fonts/fontawesome-pro-5.11.2-web/webfonts/fa-solid-900d41d.eot]
[wp-content/themes/dumpster/fonts/fontawesome-pro-5.11.2-web/webfonts/fa-solid-900.woff]
[wp-content/themes/dumpster/fonts/fontawesome-pro-5.11.2-web/webfonts/fa-solid-900.ttf]
[wp-content/cache/min/1/wp-content/themes/dumpster/fonts/fontawesome-pro-5.11.2-web/css/all.min3962.css]
[wp-content/themes/dumpster/css/owl.theme.default.mindbe6.css]
[wp-content/themes/dumpster/fonts/fontawesome-pro-5.11.2-web/webfonts/fa-solid-900.svg]
[wp-content/themes/dumpster/css/owl.carousel.mindbe6.css]
[wp-content/themes/dumpster/css/select2.mindbe6.css]
[wp-content/themes/dumpster/img/icon-3.svg]
[wp-content/cache/min/1/wp-content/themes/dumpster/css/styles3962.css]
[wp-content/cache/min/1/wp-content/themes/dumpster/css/responsive3962.css]
[wp-content/cache/min/1/wp-content/themes/dumpster/style3962.css]
[wp-content/cache/min/1/wp-content/cache/busting/1/sccss3962.css]
[xmlrpc0db0.html]
[wp-content/plugins/amp/assets/css/amp-default431f.css]
[wp-content/themes/dumpster/css/normalizedbe6.css]
[wp-content/themes/dumpster/css/fontdbe6.css]
[wp-content/themes/dumpster/fonts/fontawesome-pro-5.11.2-web/css/all.mindbe6.css]
[wp-content/themes/dumpster/css/stylesdbe6.css]
[wp-content/themes/dumpster/css/responsivedbe6.css]
[wp-content/themes/dumpster/style.css]
[wp-content/cache/busting/1/sccss7a81.css]
[wp-json/wp/v2/categories/150.json]
[category/all/feed/index.html]
[wp-content/uploads/2021/06/denny-muller-HfWA-Axq6Ek-unsplash-scaled.jpg]
[category/all/page/2/index.html]
[issues-with-apps-running-on-android/index.html]
[wp-content/uploads/2021/06/matteo-grando-mxxagbVu7Pg-unsplash-scaled.jpg]
[what-does-rooting-an-android-device-mean/index.html]
[wp-content/uploads/2021/05/karl-pawlowicz-QUHuwyNgSA0-unsplash-scaled.jpg]
[developing-an-android-app/index.html]
[wp-content/uploads/2021/05/jakob-owens-FKyHyNowp-4-unsplash-scaled.jpg]
[6-best-ways-to-backup-photos-in-2021/index.html]
[wp-content/uploads/2021/05/neil-cooper-2yXIJQzOywU-unsplash-scaled.jpg]
[best-photo-editing-apps-for-android-photographers/index.html]
[category/all/index.html]
[10-most-useful-android-apps-in-everyday-life/index.html]
[faq/index.html]
[category/cloud/index.html]
[category/android-terminology/index.html]
[category/easy-troubleshooting/index.html]
[wp-content/themes/dumpster/img/google-mob.svg]
[wp-content/themes/dumpster/img/star.svg]
[category/popular/index.html]
[category/restore-photos-video/index.html]
[wp-json/wp/v2/faq/308.json]
[category/social-media/index.html]
[wp-json/oembed/1.0/embed2966.json]
[wp-json/oembed/1.0/embedef2d]
[faq/terms-and-conditions/index.html]
[faq/privacy-policy/index.html]
[wp-content/themes/dumpster/fonts/fontawesome-pro-5.11.2-web/webfonts/fa-brands-400.svg]
[wp-content/themes/dumpster/fonts/fontawesome-pro-5.11.2-web/webfonts/fa-duotone-900.svg]
[wp-content/themes/dumpster/fonts/fontawesome-pro-5.11.2-web/webfonts/fa-light-300.svg]
[wp-content/themes/dumpster/fonts/fontawesome-pro-5.11.2-web/webfonts/fa-regular-400.svg]
[wp-content/themes/dumpster/fonts/fontawesome-pro-5.11.2-web/webfonts/fa-solid-900.svg]
[wp-content/themes/dumpster/img/icon-3.svg]
[wp-content/plugins/amp/assets/css/amp-default431f.css]
[wp-content/themes/dumpster/css/normalizedbe6.css]
[wp-content/themes/dumpster/css/fontdbe6.css]
[wp-content/themes/dumpster/fonts/fontawesome-pro-5.11.2-web/css/all.mindbe6.css]
[wp-content/themes/dumpster/css/stylesdbe6.css]
[wp-content/themes/dumpster/css/responsivedbe6.css]
[wp-content/themes/dumpster/style.css]
[wp-content/cache/busting/1/sccss7a81.css]
[category/all/page/3/index.html]
[wp-content/uploads/2021/04/1200x628_02@2x.png]
[5-ways-to-recover-deleted-photos-on-your-android-device/index.html]
[wp-content/uploads/2020/06/photo-1571126770247-9a99e5f7eff7.jpg]
[introducing-the-latest-dumpster-upgrade/index.html]
[wp-content/uploads/2020/06/photo-1588405765997-02255aff295a.jpg]
[the-most-useful-android-apps-in-everyday-life/index.html]
[wp-content/uploads/2020/07/photo-1586971761124-5433573e6338.jpg]
[4-ways-to-recover-deleted-photos-on-your-android-device/index.html]
[how-to-recover-deleted-photos-from-phone-gallery/index.html]
[wp-content/uploads/2020/06/photo-1512221472476-7e439affc029.jpg]
[category/all/page/2/index.html]
[wp-json/wp/v2/posts/963.json]
[issues-with-apps-running-on-android/feed/index.html]
[the-fastest-way-to-find-airpods-on-android/index.html]
[wp-json/oembed/1.0/embed8ca4.json]
[wp-json/oembed/1.0/embed1a04]
[issues-with-apps-running-on-android/index.html]
[wp-json/wp/v2/posts/965.json]
[what-does-rooting-an-android-device-mean/feed/index.html]
[wp-json/oembed/1.0/embed5a1c.json]
[wp-json/oembed/1.0/embed9b1a]
[what-does-rooting-an-android-device-mean/index.html]
[wp-json/wp/v2/posts/934.json]
[developing-an-android-app/feed/index.html]
[wp-json/oembed/1.0/embed2567.json]
[tips/index.html]
[developing-an-android-app/index.html]
[wp-json/oembed/1.0/embed759c]
[wp-json/wp/v2/posts/936.json]
[wp-json/oembed/1.0/embede186.json]
[6-best-ways-to-backup-photos-in-2021/feed/index.html]
[wp-json/oembed/1.0/embedbcce]
[6-best-ways-to-backup-photos-in-2021/index.html]
[wp-json/wp/v2/posts/925.json]
[best-photo-editing-apps-for-android-photographers/feed/index.html]
[wp-json/oembed/1.0/embedbd30.json]
[wp-json/oembed/1.0/embed1aad]
[best-photo-editing-apps-for-android-photographers/index.html]
[wp-json/wp/v2/posts/928.json]
[10-most-useful-android-apps-in-everyday-life/feed/index.html]
[wp-json/oembed/1.0/embedd08b.json]
[wp-json/oembed/1.0/embed6678]
[10-most-useful-android-apps-in-everyday-life/index.html]
[wp-json/wp/v2/categories/1.json]
[category/android-terminology/feed/index.html]
[category/android-terminology/index.html]
[wp-content/uploads/2021/06/yoann-siloine-_T4w3JDm6ug-unsplash-scaled.jpg]
[category/android-terminology/page/2/index.html]
[wp-json/wp/v2/categories/7.json]
[category/cloud/feed/index.html]
[android-vs-iphone-which-is-best-for-photography/index.html]
[wp-content/uploads/2020/06/photo-1535400322381-ea5edafb8f7d.jpg]
[best-android-cloud-backups-for-photos/index.html]
[wp-content/uploads/2020/06/photo-1579275530126-af715aa21c6c.jpg]
[best-android-video-editing-apps-for-tiktok-2020/index.html]
[wp-content/uploads/2019/12/whatsapp-1357489_1280.jpg]
[category/cloud/index.html]
[how-to-backup-restore-whatsapp-messages-on-android/index.html]
[wp-json/wp/v2/categories/9.json]
[category/easy-troubleshooting/feed/index.html]
[wp-content/uploads/2020/06/photo-1579275542618-a1dfed5f54ba.jpg]
[how-to-transfer-contacts-from-iphone-to-android/index.html]
[wp-content/uploads/2020/06/Restoredocument.jpg]
[category/easy-troubleshooting/index.html]
[how-to-restore-a-deleted-document-on-android/index.html]
[wp-json/wp/v2/categories/2.json]
[category/popular/feed/index.html]
[wp-content/uploads/2021/06/arthur-osipyan-5OyvN4Yx46E-unsplash.jpg]
[wp-content/uploads/2020/06/photo-1488926756850-a13b25e2f415.jpg]
[featured-google-play-apps/index.html]
[5-phone-safety-tips-apps-for-photographers/index.html]
[wp-content/uploads/2020/04/Dumpster.jpg]
[category/popular/index.html]
[7-easy-ways-to-block-hackers-from-your-android-phone/index.html]
[wp-json/wp/v2/categories/3.json]
[category/restore-photos-video/feed/index.html]
[wp-content/uploads/2020/06/photo-1505740420928-5e560c06d30e.jpg]
[category/restore-photos-video/page/2/index.html]
[how-to-recover-deleted-songs-on-android/index.html]
[wp-content/uploads/2020/06/photo-1502201563651-826cbb30c3dd.jpg]
[wp-content/uploads/2020/06/photo-1589903308904-1010c2294adc.jpg]
[how-to-recover-deleted-apps-on-android/index.html]
[wp-content/uploads/2020/06/photo-1484704849700-f032a568e944.jpg]
[how-do-i-undelete-a-podcast-recording/index.html]
[category/restore-photos-video/index.html]
[how-to-undelete-an-audio-file-on-android/index.html]
[wp-json/wp/v2/categories/4.json]
[wp-content/uploads/2020/06/Best-Android-Photo-Editing-App.jpg]
[category/social-media/feed/index.html]
[category/social-media/index.html]
[indexf454.html]
[wp-content/uploads/2020/06/photo-1589416953449-2f8dac4b2239.jpg]
[best-trusted-free-android-photo-editing-apps/index.html]
[category/all/page/3/index.html]
[wp-json/wp/v2/posts/916.json]
[5-ways-to-recover-deleted-photos-on-your-android-device/feed/index.html]
[how-to-transfer-photos-from-your-android-phone-to-pc/index.html]
[category/all/page/4/index.html]
[wp-json/oembed/1.0/embedf969.json]
[wp-json/oembed/1.0/embed6f19]
[5-ways-to-recover-deleted-photos-on-your-android-device/index.html]
[wp-json/wp/v2/posts/901.json]
[introducing-the-latest-dumpster-upgrade/feed/index.html]
[wp-json/oembed/1.0/embedb7e6.json]
[faq/how-does-deep-scan-recovery-work/index.html]
[wp-json/oembed/1.0/embedc02a]
[introducing-the-latest-dumpster-upgrade/index.html]
[wp-json/wp/v2/posts/569.json]
[the-most-useful-android-apps-in-everyday-life/feed/index.html]
[wp-json/oembed/1.0/embed17b2.json]
[faq_cat/deep-scan-recovery/index.html]
[wp-json/oembed/1.0/embedcd69]
[wp-content/uploads/2020/09/01-copy-2-3-1024x512.png]
[wp-content/uploads/2020/06/Get-it-on-Google-Play.png]
[the-most-useful-android-apps-in-everyday-life/index.html]
[wp-json/wp/v2/posts/576.json]
[4-ways-to-recover-deleted-photos-on-your-android-device/feed/index.html]
[wp-json/oembed/1.0/embed5750.json]
[wp-json/oembed/1.0/embedc0d5]
[wp-content/uploads/2020/09/Facebook-Post-11-1024x538.png]
[4-ways-to-recover-deleted-photos-on-your-android-device/index.html]
[wp-json/wp/v2/posts/601.json]
[how-to-recover-deleted-photos-from-phone-gallery/feed/index.html]
[wp-json/oembed/1.0/embeda4ad.json]
[wp-json/oembed/1.0/embed3f56]
[how-to-recover-deleted-photos-from-phone-gallery/index.html]
[wp-json/wp/v2/posts/549.json]
[wp-json/oembed/1.0/embed6dfc.json]
[the-fastest-way-to-find-airpods-on-android/feed/index.html]
[wp-json/oembed/1.0/embed2de2]
[the-fastest-way-to-find-airpods-on-android/index.html]
[indexc9f9.html]
[indexe2ec.html]
[tips/index.html]
[indexb82b.html]
[indexb648.html]
[indexd0d3.html]
[indexf065.html]
[category/android-terminology/page/2/index.html]
[tips/page/2/index.html]
[category/rooting-device/index.html]
[category/buying-a-new-phone/index.html]
[android-vs-iphone-which-is-best-for-photography/feed/index.html]
[wp-json/wp/v2/posts/960.json]
[wp-json/oembed/1.0/embeda104.json]
[wp-json/oembed/1.0/embed14e2]
[android-vs-iphone-which-is-best-for-photography/index.html]
[wp-json/wp/v2/posts/502.json]
[best-android-cloud-backups-for-photos/feed/index.html]
[wp-json/oembed/1.0/embedf8ab.json]
[faq/how-does-cloud-storage-work/index.html]
[wp-json/oembed/1.0/embed4575]
[best-android-cloud-backups-for-photos/index.html]
[wp-json/wp/v2/posts/499.json]
[best-android-video-editing-apps-for-tiktok-2020/feed/index.html]
[wp-json/oembed/1.0/embedbf91.json]
[wp-json/oembed/1.0/embed2b6d]
[best-android-video-editing-apps-for-tiktok-2020/index.html]
[wp-json/wp/v2/posts/214.json]
[how-to-backup-restore-whatsapp-messages-on-android/feed/index.html]
[wp-json/oembed/1.0/embed8290.json]
[wp-json/oembed/1.0/embede145]
[wp-content/uploads/2020/01/whatsapp_1.png]
[wp-content/uploads/2020/01/whatsapp_2.png]
[wp-content/uploads/2020/01/whatsapp_3.png]
[wp-content/uploads/2020/01/whatsapp_4.png]
[wp-content/uploads/2020/01/whatsapp_5.png]
[wp-content/uploads/2019/12/google-play-badge-300x116.png]
[how-to-backup-restore-whatsapp-messages-on-android/index.html]
[wp-json/wp/v2/posts/554.json]
[how-to-transfer-contacts-from-iphone-to-android/feed/index.html]
[wp-json/oembed/1.0/embed0df6.json]
[wp-json/oembed/1.0/embed7115]
[how-to-transfer-contacts-from-iphone-to-android/index.html]
[wp-json/wp/v2/posts/476.json]
[wp-json/oembed/1.0/embed678d.json]
[how-to-restore-a-deleted-document-on-android/feed/index.html]
[wp-json/oembed/1.0/embed2b64]
[how-to-restore-a-deleted-document-on-android/index.html]
[wp-content/uploads/2020/06/Screen-Shot-2020-06-11-at-9.44.40-AM-521x1024.png]
[wp-json/wp/v2/posts/957.json]
[featured-google-play-apps/feed/index.html]
[wp-json/oembed/1.0/embedc108.json]
[faq/what-file-types-are-supported-on-dumpster/index.html]
[wp-json/oembed/1.0/embed8583]
[featured-google-play-apps/index.html]
[wp-json/wp/v2/posts/508.json]
[5-phone-safety-tips-apps-for-photographers/feed/index.html]
[wp-json/oembed/1.0/embedc1df.json]
[wp-json/oembed/1.0/embedc7ef]
[5-phone-safety-tips-apps-for-photographers/index.html]
[wp-json/wp/v2/posts/373.json]
[7-easy-ways-to-block-hackers-from-your-android-phone/feed/index.html]
[wp-json/oembed/1.0/embed6a4d.json]
[wp-json/oembed/1.0/embed4666]
[7-easy-ways-to-block-hackers-from-your-android-phone/index.html]
[wp-content/uploads/2020/06/Restoredeletedvideos.jpg]
[how-to-restore-deleted-videos-using-dumpster/index.html]
[category/restore-photos-video/page/2/index.html]
[wp-content/uploads/2019/12/Screen-Shot-2019-12-25-at-16.13.19.png]
[how-to-restore-deleted-photos-on-android/index.html]
[wp-json/wp/v2/posts/521.json]
[how-to-recover-deleted-songs-on-android/feed/index.html]
[wp-json/oembed/1.0/embed8788.json]
[wp-json/oembed/1.0/embed2fc8]
[how-to-recover-deleted-songs-on-android/index.html]
[wp-json/wp/v2/posts/514.json]
[how-to-recover-deleted-apps-on-android/feed/index.html]
[wp-json/oembed/1.0/embed45df.json]
[wp-json/oembed/1.0/embed22cf]
[how-to-recover-deleted-apps-on-android/index.html]
[wp-json/wp/v2/posts/494.json]
[how-do-i-undelete-a-podcast-recording/feed/index.html]
[wp-json/oembed/1.0/embedcee7.json]
[wp-json/oembed/1.0/embed893e]
[how-do-i-undelete-a-podcast-recording/index.html]
[wp-json/wp/v2/posts/482.json]
[wp-json/oembed/1.0/embedb09a.json]
[how-to-undelete-an-audio-file-on-android/feed/index.html]
[wp-json/oembed/1.0/embedc874]
[how-to-undelete-an-audio-file-on-android/index.html]
[wp-json/wp/v2/posts/470.json]
[wp-json/oembed/1.0/embed5486.json]
[best-trusted-free-android-photo-editing-apps/feed/index.html]
[wp-json/oembed/1.0/embedd80f]
[best-trusted-free-android-photo-editing-apps/index.html]
[category/all/page/4/index.html]
[wp-json/wp/v2/posts/542.json]
[how-to-transfer-photos-from-your-android-phone-to-pc/feed/index.html]
[wp-json/oembed/1.0/embed9136.json]
[category/all/page/5/index.html]
[wp-json/oembed/1.0/embeddfbb]
[how-to-transfer-photos-from-your-android-phone-to-pc/index.html]
[index5998.html]
[wp-json/wp/v2/faq/420.json]
[wp-json/oembed/1.0/embed70f5.json]
[wp-json/oembed/1.0/embed47e6]
[faq/how-does-deep-scan-recovery-work/index.html]
[indexead7.html]
[wp-json/wp/v2/faq_cat/48.json]
[faq_cat/deep-scan-recovery/feed/index.html]
[faq_cat/deep-scan-recovery/index.html]
[faq/benefits-of-deep-scan-recovery/index.html]
[faq/locating-lost-file-using-the-quick-scroll/index.html]
[index475a.html]
[faq_cat/general/index.html]
[faq/can-dumpster-retrieve-files-i-deleted-before-downloading-the-app/index.html]
[faq_cat/about-dumpster/index.html]
[faq_cat/devices/index.html]
[faq_cat/photos-videos-files/index.html]
[faq_cat/deleting/index.html]
[indexaa4f.html]
[faq_cat/restoring/index.html]
[indexbdc9.html]
[indexbcc1.html]
[tips/page/2/index.html]
[faq_cat/storage/index.html]
[faq_cat/premium-plan/index.html]
[wp-json/wp/v2/categories/5.json]
[category/buying-a-new-phone/index.html]
[category/buying-a-new-phone/feed/index.html]
[faq_cat/terms/index.html]
[category/rooting-device/index.html]
[indexca7c.html]
[wp-json/wp/v2/categories/10.json]
[category/rooting-device/feed/index.html]
[tips/page/3/index.html]
[wp-json/wp/v2/faq/385.json]
[wp-json/oembed/1.0/embed9757.json]
[wp-json/oembed/1.0/embedcd78]
[faq/how-does-cloud-storage-work/index.html]
[indexda6e.html]
[indexa862.html]
[indexba1b.html]
[index0971.html]
[index2847.html]
[wp-json/wp/v2/faq/387.json]
[wp-json/oembed/1.0/embed8b8b.json]
[wp-json/oembed/1.0/embedb4fb]
[faq/what-file-types-are-supported-on-dumpster/index.html]
[index9a38.html]
[indexa5f2.html]
[index7080.html]
[wp-json/wp/v2/posts/467.json]
[how-to-restore-deleted-videos-using-dumpster/feed/index.html]
[wp-json/oembed/1.0/embedc4bb.json]
[wp-json/oembed/1.0/embed6b63]
[wp-content/uploads/2020/06/Screen-Shot-2020-06-11-at-9.44.40-AM-1-521x1024.png]
[how-to-restore-deleted-videos-using-dumpster/index.html]
[wp-json/wp/v2/posts/164.json]
[how-to-restore-deleted-photos-on-android/feed/index.html]
[wp-json/oembed/1.0/embed3d0a.json]
[wp-json/oembed/1.0/embedd509]
[wp-content/uploads/2020/06/Nb1a1_fye0U21hGS5FK6zCd_A0Onld5aiHFxkCD8Pk7ET6gfjHcZKXwJXv2VCY8z7NFci7Nfido2LM2iutsdSk6v93SdWW6iOGaGJ6jMo9HNoas5w75VhrcZWB7uXXG1lm_tpvI-521x1024.png]
[how-to-restore-deleted-photos-on-android/index.html]
[index1b7d.html]
[indexcaae.html]
[indexdba8.html]
[index54a8.html]
[index1beb.html]
[category/all/page/5/index.html]
[index0d79.html]
[index17d3.html]
[wp-json/wp/v2/faq/423.json]
[wp-json/oembed/1.0/embed0a88.json]
[wp-json/oembed/1.0/embed150d]
[wp-content/uploads/2020/05/Deep-Scan-1.png]
[faq/benefits-of-deep-scan-recovery/index.html]
[wp-json/wp/v2/faq/421.json]
[wp-json/oembed/1.0/embedc944.json]
[faq/what-is-dumpster-premium/index.html]
[wp-json/oembed/1.0/embed577f]
[faq/locating-lost-file-using-the-quick-scroll/index.html]
[wp-json/wp/v2/faq/284.json]
[wp-json/oembed/1.0/embedfb63.json]
[wp-json/oembed/1.0/embedf76e]
[faq/can-dumpster-retrieve-files-i-deleted-before-downloading-the-app/index.html]
[wp-json/wp/v2/faq_cat/55.json]
[faq_cat/general/feed/index.html]
[faq_cat/general/page/2/index.html]
[faq/dumpster-wont-stay-alive-in-the-background/index.html]
[faq/what-permissions-does-dumpster-require/index.html]
[faq/how-can-i-change-languages/index.html]
[faq_cat/general/index.html]
[faq/whats-the-recycle-bin/index.html]
[wp-json/wp/v2/faq_cat/60.json]
[faq_cat/about-dumpster/index.html]
[faq_cat/about-dumpster/feed/index.html]
[wp-json/wp/v2/faq_cat/61.json]
[faq_cat/devices/index.html]
[faq/how-much-space-does-dumpster-take-up/index.html]
[faq_cat/devices/feed/index.html]
[wp-json/wp/v2/faq_cat/57.json]
[faq_cat/photos-videos-files/feed/index.html]
[faq/how-does-dumpster-work/index.html]
[faq_cat/photos-videos-files/page/2/index.html]
[faq/can-i-restore-a-file-i-deleted-before-i-download-dumpster/index.html]
[faq/what-files-does-dumpster-store/index.html]
[faq/deleting-files-from-dumpster/index.html]
[faq_cat/photos-videos-files/index.html]
[faq/can-i-customize-which-file-types-dumpster-will-save/index.html]
[faq/i-restored-a-file-and-i-cant-figure-out-where-it-went/index.html]
[wp-json/wp/v2/faq_cat/64.json]
[faq_cat/deleting/feed/index.html]
[faq/whats-the-fastest-way-to-find-an-old-file/index.html]
[faq_cat/deleting/index.html]
[faq/can-i-share-a-deleted-file-without-restoring-it/index.html]
[wp-json/wp/v2/faq_cat/65.json]
[faq_cat/restoring/index.html]
[faq_cat/restoring/feed/index.html]
[wp-json/wp/v2/faq_cat/63.json]
[faq_cat/storage/index.html]
[faq_cat/storage/feed/index.html]
[faq/help-i-dont-see-my-recently-deleted-files-in-dumpster/index.html]
[wp-json/wp/v2/faq_cat/56.json]
[faq_cat/premium-plan/feed/index.html]
[faq_cat/premium-plan/index.html]
[wp-json/wp/v2/faq_cat/53.json]
[faq_cat/terms/feed/index.html]
[faq_cat/terms/index.html]
[tips/page/3/index.html]
[indexf1ac.html]
[index1caa.html]
[index7ab1.html]
[index7760.html]
[indexb351.html]
[faq/dumpster-refund-policy/index.html]
[wp-json/wp/v2/faq/384.json]
[wp-json/oembed/1.0/embed4100.json]
[tips/page/4/index.html]
[wp-json/oembed/1.0/embed5b39]
[faq/what-is-dumpster-premium/index.html]
[index504f.html]
[index7b2c.html]
[faq/how-much-space-do-deleted-files-take-up-on-my-device/index.html]
[faq/who-should-use-dumpster/index.html]
[faq_cat/general/page/3/index.html]
[faq/what-languages-is-dumpster-available-in/index.html]
[faq/do-any-apps-interfere-with-dumpster/index.html]
[faq_cat/general/page/2/index.html]
[faq/i-upgraded-my-device-how-can-i-transfer-my-dumpster-content-to-the-new-device/index.html]
[wp-json/wp/v2/faq/1001.json]
[faq/theres-something-wrong-how-can-i-get-help/index.html]
[wp-json/oembed/1.0/embed1701.json]
[faq/which-devices-is-dumpster-compatible-with/index.html]
[wp-json/oembed/1.0/embedec5f]
[faq/dumpster-wont-stay-alive-in-the-background/index.html]
[wp-json/wp/v2/faq/400.json]
[wp-json/oembed/1.0/embed44e7.json]
[wp-json/oembed/1.0/embed1615]
[faq/how-can-i-change-languages/index.html]
[wp-content/uploads/2020/05/How-Can-I-Change-Languages-in-Dumpster.png]
[wp-json/wp/v2/faq/396.json]
[wp-json/oembed/1.0/embed51d3.json]
[wp-json/oembed/1.0/embed1a1c]
[faq/what-permissions-does-dumpster-require/index.html]
[wp-json/wp/v2/faq/395.json]
[wp-json/oembed/1.0/embeddcf0.json]
[wp-json/oembed/1.0/embeda0c7]
[wp-content/uploads/2020/05/What’s-the-Recycle-Bin-1.png]
[wp-content/uploads/2020/05/What’s-the-Recycle-Bin_2.png]
[faq/whats-the-recycle-bin/index.html]
[wp-json/wp/v2/faq/382.json]
[wp-json/oembed/1.0/embed7585.json]
[wp-json/oembed/1.0/embed6aeb]
[faq/how-much-space-does-dumpster-take-up/index.html]
[wp-json/wp/v2/faq/381.json]
[wp-json/oembed/1.0/embedaa26.json]
[wp-json/oembed/1.0/embedb506]
[faq/how-does-dumpster-work/index.html]
[faq/why-cant-i-restore-my-file/index.html]
[faq_cat/photos-videos-files/page/3/index.html]
[faq_cat/photos-videos-files/page/2/index.html]
[faq/are-dumpster-files-stored-in-a-compressed-format/index.html]
[wp-json/wp/v2/faq/418.json]
[faq/how-much-space-do-dumpster-files-take-up/index.html]
[wp-json/oembed/1.0/embedba17.json]
[wp-json/oembed/1.0/embed1195]
[faq/can-i-restore-a-file-i-deleted-before-i-download-dumpster/index.html]
[wp-json/wp/v2/faq/399.json]
[wp-json/oembed/1.0/embed7864.json]
[wp-json/oembed/1.0/embed24fd]
[faq/what-files-does-dumpster-store/index.html]
[wp-json/wp/v2/faq/398.json]
[wp-json/oembed/1.0/embedf52e.json]
[wp-json/oembed/1.0/embed728f]
[wp-content/uploads/2020/05/auto-clean-v2.png]
[wp-content/uploads/2020/05/Auto-Clean-1-447x1024.png]
[faq/deleting-files-from-dumpster/index.html]
[wp-json/wp/v2/faq/397.json]
[wp-json/oembed/1.0/embedfeef.json]
[wp-json/oembed/1.0/embedfa72]
[wp-content/uploads/2020/05/Can-I-customize-which-file-types-Dumpster-will-save_-1.png]
[wp-content/uploads/2020/05/Can-I-customize-which-file-types-Dumpster-will-save_-1-1.png]
[faq/can-i-customize-which-file-types-dumpster-will-save/index.html]
[wp-json/wp/v2/faq/394.json]
[wp-json/oembed/1.0/embed50e3.json]
[wp-json/oembed/1.0/embed6719]
[faq/i-restored-a-file-and-i-cant-figure-out-where-it-went/index.html]
[wp-json/wp/v2/faq/393.json]
[wp-json/oembed/1.0/embed9330.json]
[wp-json/oembed/1.0/embed1310]
[faq/whats-the-fastest-way-to-find-an-old-file/index.html]
[wp-json/wp/v2/faq/392.json]
[wp-json/oembed/1.0/embed79e3.json]
[wp-json/oembed/1.0/embedbe2e]
[faq/can-i-share-a-deleted-file-without-restoring-it/index.html]
[wp-json/wp/v2/faq/311.json]
[wp-json/oembed/1.0/embed5bb5.json]
[wp-json/oembed/1.0/embed51fe]
[faq/help-i-dont-see-my-recently-deleted-files-in-dumpster/index.html]
[wp-json/wp/v2/faq/435.json]
[wp-json/oembed/1.0/embeda860.json]
[wp-json/oembed/1.0/embede371]
[faq/dumpster-refund-policy/index.html]
[tips/page/4/index.html]
[index6905.html]
[wp-json/wp/v2/faq/390.json]
[wp-json/oembed/1.0/embed6083.json]
[tips/page/5/index.html]
[wp-json/oembed/1.0/embedd896]
[faq/how-much-space-do-deleted-files-take-up-on-my-device/index.html]
[wp-content/uploads/2020/05/How-Much-Space-Does-Dumpster-Take-Up-1.png]
[faq_cat/general/page/3/index.html]
[wp-json/wp/v2/faq/380.json]
[wp-json/oembed/1.0/embedcfff.json]
[faq/can-i-remove-the-persistent-protection-is-on-notification/index.html]
[wp-json/oembed/1.0/embede811]
[faq/who-should-use-dumpster/index.html]
[wp-json/wp/v2/faq/379.json]
[wp-json/oembed/1.0/embed1690.json]
[wp-json/oembed/1.0/embed45d1]
[faq/what-languages-is-dumpster-available-in/index.html]
[wp-json/wp/v2/faq/378.json]
[wp-json/oembed/1.0/embed1c88.json]
[wp-json/oembed/1.0/embed379a]
[faq/do-any-apps-interfere-with-dumpster/index.html]
[wp-json/wp/v2/faq/318.json]
[wp-json/oembed/1.0/embedcc0b.json]
[wp-json/oembed/1.0/embedf9f7]
[faq/i-upgraded-my-device-how-can-i-transfer-my-dumpster-content-to-the-new-device/index.html]
[wp-json/wp/v2/faq/317.json]
[wp-json/oembed/1.0/embed6724.json]
[wp-json/oembed/1.0/embedafa6]
[wp-content/uploads/2020/05/Theres-something-wrong.-How-can-I-get-help_.png]
[wp-content/uploads/2020/07/Dumpster-FAQ-mobile-1.jpg]
[faq/theres-something-wrong-how-can-i-get-help/index.html]
[wp-json/wp/v2/faq/316.json]
[wp-json/oembed/1.0/embed610b.json]
[wp-json/oembed/1.0/embedc58b]
[faq/which-devices-is-dumpster-compatible-with/index.html]
[indexcf8a.html]
[index2d8c.html]
[index2e25.html]
[index0449.html]
[index802e.html]
[index1f38.html]
[faq_cat/photos-videos-files/page/3/index.html]
[wp-json/wp/v2/faq/391.json]
[faq/how-do-i-restore-a-file-in-dumpster/index.html]
[wp-json/oembed/1.0/embed1372.json]
[faq/what-happens-if-dumpster-runs-out-of-device-space/index.html]
[faq/why-cant-i-restore-my-file/index.html]
[wp-json/oembed/1.0/embede65d]
[wp-json/wp/v2/faq/389.json]
[wp-json/oembed/1.0/embed0926.json]
[wp-json/oembed/1.0/embed164b]
[faq/are-dumpster-files-stored-in-a-compressed-format/index.html]
[wp-json/wp/v2/faq/388.json]
[wp-json/oembed/1.0/embed3b62.json]
[wp-json/oembed/1.0/embed9a99]
[wp-content/uploads/2020/05/How-Much-Space-Does-Dumpster-Take-Up.png]
[wp-content/uploads/2020/05/Auto-Clean-6-447x1024.png]
[wp-content/uploads/2020/05/auto-clean-v2-1.png]
[faq/how-much-space-do-dumpster-files-take-up/index.html]
[index1263.html]
[index0945.html]
[index9d24.html]
[indexae62.html]
[index51fe.html]
[indexa9ab.html]
[indexead8.html]
[index2e31.html]
[index6205.html]
[tips/page/5/index.html]
[indexc351.html]
[wp-json/wp/v2/faq/285.json]
[wp-json/oembed/1.0/embed9ac6.json]
[wp-json/oembed/1.0/embed88cf]
[faq/can-i-remove-the-persistent-protection-is-on-notification/index.html]
[index0dc6.html]
[index60bd.html]
[indexe8d3.html]
[indexcb8c.html]
[index4ef8.html]
[index258b.html]
[wp-json/wp/v2/faq/315.json]
[wp-json/oembed/1.0/embeddba0.json]
[wp-json/oembed/1.0/embedb10a]
[faq/how-do-i-restore-a-file-in-dumpster/index.html]
[wp-json/wp/v2/faq/314.json]
[wp-json/oembed/1.0/embed83d0.json]
[wp-json/oembed/1.0/embedb564]
[faq/what-happens-if-dumpster-runs-out-of-device-space/index.html]
[index64d4.html]
[faq/id-like-to-report-a-problem-how-do-i-get-in-touch-with-customer-support/index.html]
[index2325.html]
[index42a9.html]
[indexd0b8.html]
[index7d3e.html]
[index1031.html]
